C:\Program Files (x86)\MSBuild\Microsoft.Cpp\v4.0\V120\Microsoft.CppBuild.targets(357,5): warning MSB8004: Output Directory does not end with a trailing slash.  This build instance will add the slash as it is required to allow proper evaluation of the Output Directory.
  Trades.cpp
  XSocketUDP.cpp
  XSocket.cpp
  Wmain.cpp
  Tile.cpp
  TeleportLoc.cpp
  Teleport.cpp
  StrTok.cpp
  StrategicPoint.cpp
  Skill.cpp
  Rank.cpp
  QuestList.cpp
  Quest.cpp
  Potion.cpp
  PartyManager.cpp
  OccupyFlag.cpp
  Npc.cpp
  Msg.cpp
  Misc.cpp
  Mineral.cpp
  Generating Code...
  Compiling...
  Map.cpp
  Magic.cpp
  Item.cpp
  GuildsMan.cpp
  MapServer.cpp
  Fish.cpp
  Event.cpp
  DynamicObject.cpp
  DelayEvent.cpp
  deathmatch.cpp
  Client.cpp
  BuildItem.cpp
  main.cpp
  Drops.cpp
  cApplicationStartup.cpp
  Generating Code...
cApplicationStartup.obj : warning LNK4075: ignoring '/EDITANDCONTINUE' due to '/SAFESEH' specification
  MapServer.vcxproj -> C:\Users\irwin\Documents\CursedV1 (Arg Version)\[SRC]MapServer\..\MapServer\MapServer.exe
